[    1621ms] [WARNING] [Warning] Please install/enable Redux devtools extension @ https://frontend-assets.supabase.com/studio/6c4c385ac412/_next/static/chunks/dbb9df8e86620f49.js?dpl=dpl_ESdr3qRQzrHxoShoPeqcbJZxbkfP:12
[    3291ms] [ERROR] Connecting to 'https://analytics.google.com/g/collect?a=adblocker_check' violates the following Content Security Policy directive: "default-src 'self' https://api.supabase.com http://localhost:8000 https://auth.supabase.io ws://localhost:8000 wss://localhost:8000 https://*.supabase.co https://*.storage.supabase.co wss://*.supabase.co https://*.hcaptcha.com https://cdn-global.configcat.com https://configcat.supabase.com https://*.stripe.com https://*.stripe.network https://www.cloudflare.com https://*.vercel-insights.com https://api.github.com https://raw.githubusercontent.com https://frontend-assets.supabase.com https://*.usercentrics.eu https://ss.supabase.com https://maps.googleapis.com https://ph.supabase.com https://cdnjs.cloudflare.com wss://*.pusher.com https://*.ingest.sentry.io https://*.ingest.us.sentry.io https://*.ingest.de.sentry.io". Note that 'connect-src' was not explicitly set, so 'default-src' is used as a fallback. The action has been blocked. @ https://frontend-assets.supabase.com/studio/6c4c385ac412/_next/static/chunks/dbb9df8e86620f49.js?dpl=dpl_ESdr3qRQzrHxoShoPeqcbJZxbkfP:12
[    3291ms] [ERROR] Fetch API cannot load https://analytics.google.com/g/collect?a=adblocker_check. Refused to connect because it violates the document's Content Security Policy. @ https://frontend-assets.supabase.com/studio/6c4c385ac412/_next/static/chunks/dbb9df8e86620f49.js?dpl=dpl_ESdr3qRQzrHxoShoPeqcbJZxbkfP:12
[   25702ms] Uncaught Error: Minified React error #425; visit https://reactjs.org/docs/error-decoder.html?invariant=425 for the full message or use the non-minified dev environment for full errors and additional helpful warnings.
    at rh (https://frontend-assets.supabase.com/studio/6c4c385ac412/_next/static/chunks/9954129c7dd6dc22.js?dpl=dpl_ESdr3qRQzrHxoShoPeqcbJZxbkfP:1:44119)
    at <anonymous> (https://frontend-assets.supabase.com/studio/6c4c385ac412/_next/static/chunks/9954129c7dd6dc22.js?dpl=dpl_ESdr3qRQzrHxoShoPeqcbJZxbkfP:1:104492)
    at oO (https://frontend-assets.supabase.com/studio/6c4c385ac412/_next/static/chunks/9954129c7dd6dc22.js?dpl=dpl_ESdr3qRQzrHxoShoPeqcbJZxbkfP:1:110000)
    at oD (https://frontend-assets.supabase.com/studio/6c4c385ac412/_next/static/chunks/9954129c7dd6dc22.js?dpl=dpl_ESdr3qRQzrHxoShoPeqcbJZxbkfP:1:102951)
    at oR (https://frontend-assets.supabase.com/studio/6c4c385ac412/_next/static/chunks/9954129c7dd6dc22.js?dpl=dpl_ESdr3qRQzrHxoShoPeqcbJZxbkfP:1:102761)
    at oS (https://frontend-assets.supabase.com/studio/6c4c385ac412/_next/static/chunks/9954129c7dd6dc22.js?dpl=dpl_ESdr3qRQzrHxoShoPeqcbJZxbkfP:1:97834)
    at E (https://frontend-assets.supabase.com/studio/6c4c385ac412/_next/static/chunks/9954129c7dd6dc22.js?dpl=dpl_ESdr3qRQzrHxoShoPeqcbJZxbkfP:1:1491)
    at L (https://frontend-assets.supabase.com/studio/6c4c385ac412/_next/static/chunks/9954129c7dd6dc22.js?dpl=dpl_ESdr3qRQzrHxoShoPeqcbJZxbkfP:1:2012)
[   25702ms] Uncaught Error: Minified React error #418; visit https://reactjs.org/docs/error-decoder.html?invariant=418 for the full message or use the non-minified dev environment for full errors and additional helpful warnings.
    at lg (https://frontend-assets.supabase.com/studio/6c4c385ac412/_next/static/chunks/9954129c7dd6dc22.js?dpl=dpl_ESdr3qRQzrHxoShoPeqcbJZxbkfP:1:50409)
    at i (https://frontend-assets.supabase.com/studio/6c4c385ac412/_next/static/chunks/9954129c7dd6dc22.js?dpl=dpl_ESdr3qRQzrHxoShoPeqcbJZxbkfP:1:124903)
    at oD (https://frontend-assets.supabase.com/studio/6c4c385ac412/_next/static/chunks/9954129c7dd6dc22.js?dpl=dpl_ESdr3qRQzrHxoShoPeqcbJZxbkfP:1:102891)
    at oR (https://frontend-assets.supabase.com/studio/6c4c385ac412/_next/static/chunks/9954129c7dd6dc22.js?dpl=dpl_ESdr3qRQzrHxoShoPeqcbJZxbkfP:1:102761)
    at oS (https://frontend-assets.supabase.com/studio/6c4c385ac412/_next/static/chunks/9954129c7dd6dc22.js?dpl=dpl_ESdr3qRQzrHxoShoPeqcbJZxbkfP:1:97834)
    at E (https://frontend-assets.supabase.com/studio/6c4c385ac412/_next/static/chunks/9954129c7dd6dc22.js?dpl=dpl_ESdr3qRQzrHxoShoPeqcbJZxbkfP:1:1491)
    at L (https://frontend-assets.supabase.com/studio/6c4c385ac412/_next/static/chunks/9954129c7dd6dc22.js?dpl=dpl_ESdr3qRQzrHxoShoPeqcbJZxbkfP:1:2012)
[   25702ms] Uncaught Error: Minified React error #418; visit https://reactjs.org/docs/error-decoder.html?invariant=418 for the full message or use the non-minified dev environment for full errors and additional helpful warnings.
    at lg (https://frontend-assets.supabase.com/studio/6c4c385ac412/_next/static/chunks/9954129c7dd6dc22.js?dpl=dpl_ESdr3qRQzrHxoShoPeqcbJZxbkfP:1:50409)
    at i (https://frontend-assets.supabase.com/studio/6c4c385ac412/_next/static/chunks/9954129c7dd6dc22.js?dpl=dpl_ESdr3qRQzrHxoShoPeqcbJZxbkfP:1:124903)
    at oD (https://frontend-assets.supabase.com/studio/6c4c385ac412/_next/static/chunks/9954129c7dd6dc22.js?dpl=dpl_ESdr3qRQzrHxoShoPeqcbJZxbkfP:1:102891)
    at oR (https://frontend-assets.supabase.com/studio/6c4c385ac412/_next/static/chunks/9954129c7dd6dc22.js?dpl=dpl_ESdr3qRQzrHxoShoPeqcbJZxbkfP:1:102761)
    at oS (https://frontend-assets.supabase.com/studio/6c4c385ac412/_next/static/chunks/9954129c7dd6dc22.js?dpl=dpl_ESdr3qRQzrHxoShoPeqcbJZxbkfP:1:97834)
    at E (https://frontend-assets.supabase.com/studio/6c4c385ac412/_next/static/chunks/9954129c7dd6dc22.js?dpl=dpl_ESdr3qRQzrHxoShoPeqcbJZxbkfP:1:1491)
    at L (https://frontend-assets.supabase.com/studio/6c4c385ac412/_next/static/chunks/9954129c7dd6dc22.js?dpl=dpl_ESdr3qRQzrHxoShoPeqcbJZxbkfP:1:2012)
[   25702ms] Uncaught Error: Minified React error #418; visit https://reactjs.org/docs/error-decoder.html?invariant=418 for the full message or use the non-minified dev environment for full errors and additional helpful warnings.
    at lg (https://frontend-assets.supabase.com/studio/6c4c385ac412/_next/static/chunks/9954129c7dd6dc22.js?dpl=dpl_ESdr3qRQzrHxoShoPeqcbJZxbkfP:1:50409)
    at i (https://frontend-assets.supabase.com/studio/6c4c385ac412/_next/static/chunks/9954129c7dd6dc22.js?dpl=dpl_ESdr3qRQzrHxoShoPeqcbJZxbkfP:1:124903)
    at oD (https://frontend-assets.supabase.com/studio/6c4c385ac412/_next/static/chunks/9954129c7dd6dc22.js?dpl=dpl_ESdr3qRQzrHxoShoPeqcbJZxbkfP:1:102891)
    at oR (https://frontend-assets.supabase.com/studio/6c4c385ac412/_next/static/chunks/9954129c7dd6dc22.js?dpl=dpl_ESdr3qRQzrHxoShoPeqcbJZxbkfP:1:102761)
    at oS (https://frontend-assets.supabase.com/studio/6c4c385ac412/_next/static/chunks/9954129c7dd6dc22.js?dpl=dpl_ESdr3qRQzrHxoShoPeqcbJZxbkfP:1:97834)
    at E (https://frontend-assets.supabase.com/studio/6c4c385ac412/_next/static/chunks/9954129c7dd6dc22.js?dpl=dpl_ESdr3qRQzrHxoShoPeqcbJZxbkfP:1:1491)
    at L (https://frontend-assets.supabase.com/studio/6c4c385ac412/_next/static/chunks/9954129c7dd6dc22.js?dpl=dpl_ESdr3qRQzrHxoShoPeqcbJZxbkfP:1:2012)
[   25702ms] Uncaught Error: Minified React error #418; visit https://reactjs.org/docs/error-decoder.html?invariant=418 for the full message or use the non-minified dev environment for full errors and additional helpful warnings.
    at lg (https://frontend-assets.supabase.com/studio/6c4c385ac412/_next/static/chunks/9954129c7dd6dc22.js?dpl=dpl_ESdr3qRQzrHxoShoPeqcbJZxbkfP:1:50409)
    at i (https://frontend-assets.supabase.com/studio/6c4c385ac412/_next/static/chunks/9954129c7dd6dc22.js?dpl=dpl_ESdr3qRQzrHxoShoPeqcbJZxbkfP:1:124903)
    at oD (https://frontend-assets.supabase.com/studio/6c4c385ac412/_next/static/chunks/9954129c7dd6dc22.js?dpl=dpl_ESdr3qRQzrHxoShoPeqcbJZxbkfP:1:102891)
    at oR (https://frontend-assets.supabase.com/studio/6c4c385ac412/_next/static/chunks/9954129c7dd6dc22.js?dpl=dpl_ESdr3qRQzrHxoShoPeqcbJZxbkfP:1:102761)
    at oS (https://frontend-assets.supabase.com/studio/6c4c385ac412/_next/static/chunks/9954129c7dd6dc22.js?dpl=dpl_ESdr3qRQzrHxoShoPeqcbJZxbkfP:1:97834)
    at E (https://frontend-assets.supabase.com/studio/6c4c385ac412/_next/static/chunks/9954129c7dd6dc22.js?dpl=dpl_ESdr3qRQzrHxoShoPeqcbJZxbkfP:1:1491)
    at L (https://frontend-assets.supabase.com/studio/6c4c385ac412/_next/static/chunks/9954129c7dd6dc22.js?dpl=dpl_ESdr3qRQzrHxoShoPeqcbJZxbkfP:1:2012)
[   25703ms] Uncaught Error: Minified React error #418; visit https://reactjs.org/docs/error-decoder.html?invariant=418 for the full message or use the non-minified dev environment for full errors and additional helpful warnings.
    at lg (https://frontend-assets.supabase.com/studio/6c4c385ac412/_next/static/chunks/9954129c7dd6dc22.js?dpl=dpl_ESdr3qRQzrHxoShoPeqcbJZxbkfP:1:50409)
    at i (https://frontend-assets.supabase.com/studio/6c4c385ac412/_next/static/chunks/9954129c7dd6dc22.js?dpl=dpl_ESdr3qRQzrHxoShoPeqcbJZxbkfP:1:124903)
    at oD (https://frontend-assets.supabase.com/studio/6c4c385ac412/_next/static/chunks/9954129c7dd6dc22.js?dpl=dpl_ESdr3qRQzrHxoShoPeqcbJZxbkfP:1:102891)
    at oR (https://frontend-assets.supabase.com/studio/6c4c385ac412/_next/static/chunks/9954129c7dd6dc22.js?dpl=dpl_ESdr3qRQzrHxoShoPeqcbJZxbkfP:1:102761)
    at oS (https://frontend-assets.supabase.com/studio/6c4c385ac412/_next/static/chunks/9954129c7dd6dc22.js?dpl=dpl_ESdr3qRQzrHxoShoPeqcbJZxbkfP:1:97834)
    at E (https://frontend-assets.supabase.com/studio/6c4c385ac412/_next/static/chunks/9954129c7dd6dc22.js?dpl=dpl_ESdr3qRQzrHxoShoPeqcbJZxbkfP:1:1491)
    at L (https://frontend-assets.supabase.com/studio/6c4c385ac412/_next/static/chunks/9954129c7dd6dc22.js?dpl=dpl_ESdr3qRQzrHxoShoPeqcbJZxbkfP:1:2012)
[   25703ms] Uncaught Error: Minified React error #418; visit https://reactjs.org/docs/error-decoder.html?invariant=418 for the full message or use the non-minified dev environment for full errors and additional helpful warnings.
    at lg (https://frontend-assets.supabase.com/studio/6c4c385ac412/_next/static/chunks/9954129c7dd6dc22.js?dpl=dpl_ESdr3qRQzrHxoShoPeqcbJZxbkfP:1:50409)
    at i (https://frontend-assets.supabase.com/studio/6c4c385ac412/_next/static/chunks/9954129c7dd6dc22.js?dpl=dpl_ESdr3qRQzrHxoShoPeqcbJZxbkfP:1:124903)
    at oD (https://frontend-assets.supabase.com/studio/6c4c385ac412/_next/static/chunks/9954129c7dd6dc22.js?dpl=dpl_ESdr3qRQzrHxoShoPeqcbJZxbkfP:1:102891)
    at oR (https://frontend-assets.supabase.com/studio/6c4c385ac412/_next/static/chunks/9954129c7dd6dc22.js?dpl=dpl_ESdr3qRQzrHxoShoPeqcbJZxbkfP:1:102761)
    at oS (https://frontend-assets.supabase.com/studio/6c4c385ac412/_next/static/chunks/9954129c7dd6dc22.js?dpl=dpl_ESdr3qRQzrHxoShoPeqcbJZxbkfP:1:97834)
    at E (https://frontend-assets.supabase.com/studio/6c4c385ac412/_next/static/chunks/9954129c7dd6dc22.js?dpl=dpl_ESdr3qRQzrHxoShoPeqcbJZxbkfP:1:1491)
    at L (https://frontend-assets.supabase.com/studio/6c4c385ac412/_next/static/chunks/9954129c7dd6dc22.js?dpl=dpl_ESdr3qRQzrHxoShoPeqcbJZxbkfP:1:2012)
[   25703ms] Uncaught Error: Minified React error #418; visit https://reactjs.org/docs/error-decoder.html?invariant=418 for the full message or use the non-minified dev environment for full errors and additional helpful warnings.
    at lg (https://frontend-assets.supabase.com/studio/6c4c385ac412/_next/static/chunks/9954129c7dd6dc22.js?dpl=dpl_ESdr3qRQzrHxoShoPeqcbJZxbkfP:1:50409)
    at i (https://frontend-assets.supabase.com/studio/6c4c385ac412/_next/static/chunks/9954129c7dd6dc22.js?dpl=dpl_ESdr3qRQzrHxoShoPeqcbJZxbkfP:1:124903)
    at oD (https://frontend-assets.supabase.com/studio/6c4c385ac412/_next/static/chunks/9954129c7dd6dc22.js?dpl=dpl_ESdr3qRQzrHxoShoPeqcbJZxbkfP:1:102891)
    at oR (https://frontend-assets.supabase.com/studio/6c4c385ac412/_next/static/chunks/9954129c7dd6dc22.js?dpl=dpl_ESdr3qRQzrHxoShoPeqcbJZxbkfP:1:102761)
    at oS (https://frontend-assets.supabase.com/studio/6c4c385ac412/_next/static/chunks/9954129c7dd6dc22.js?dpl=dpl_ESdr3qRQzrHxoShoPeqcbJZxbkfP:1:97834)
    at E (https://frontend-assets.supabase.com/studio/6c4c385ac412/_next/static/chunks/9954129c7dd6dc22.js?dpl=dpl_ESdr3qRQzrHxoShoPeqcbJZxbkfP:1:1491)
    at L (https://frontend-assets.supabase.com/studio/6c4c385ac412/_next/static/chunks/9954129c7dd6dc22.js?dpl=dpl_ESdr3qRQzrHxoShoPeqcbJZxbkfP:1:2012)
[   25703ms] Uncaught Error: Minified React error #418; visit https://reactjs.org/docs/error-decoder.html?invariant=418 for the full message or use the non-minified dev environment for full errors and additional helpful warnings.
    at lg (https://frontend-assets.supabase.com/studio/6c4c385ac412/_next/static/chunks/9954129c7dd6dc22.js?dpl=dpl_ESdr3qRQzrHxoShoPeqcbJZxbkfP:1:50409)
    at i (https://frontend-assets.supabase.com/studio/6c4c385ac412/_next/static/chunks/9954129c7dd6dc22.js?dpl=dpl_ESdr3qRQzrHxoShoPeqcbJZxbkfP:1:124903)
    at oD (https://frontend-assets.supabase.com/studio/6c4c385ac412/_next/static/chunks/9954129c7dd6dc22.js?dpl=dpl_ESdr3qRQzrHxoShoPeqcbJZxbkfP:1:102891)
    at oR (https://frontend-assets.supabase.com/studio/6c4c385ac412/_next/static/chunks/9954129c7dd6dc22.js?dpl=dpl_ESdr3qRQzrHxoShoPeqcbJZxbkfP:1:102761)
    at oS (https://frontend-assets.supabase.com/studio/6c4c385ac412/_next/static/chunks/9954129c7dd6dc22.js?dpl=dpl_ESdr3qRQzrHxoShoPeqcbJZxbkfP:1:97834)
    at E (https://frontend-assets.supabase.com/studio/6c4c385ac412/_next/static/chunks/9954129c7dd6dc22.js?dpl=dpl_ESdr3qRQzrHxoShoPeqcbJZxbkfP:1:1491)
    at L (https://frontend-assets.supabase.com/studio/6c4c385ac412/_next/static/chunks/9954129c7dd6dc22.js?dpl=dpl_ESdr3qRQzrHxoShoPeqcbJZxbkfP:1:2012)
[   25703ms] Uncaught Error: Minified React error #423; visit https://reactjs.org/docs/error-decoder.html?invariant=423 for the full message or use the non-minified dev environment for full errors and additional helpful warnings.
    at i (https://frontend-assets.supabase.com/studio/6c4c385ac412/_next/static/chunks/9954129c7dd6dc22.js?dpl=dpl_ESdr3qRQzrHxoShoPeqcbJZxbkfP:1:124562)
    at oD (https://frontend-assets.supabase.com/studio/6c4c385ac412/_next/static/chunks/9954129c7dd6dc22.js?dpl=dpl_ESdr3qRQzrHxoShoPeqcbJZxbkfP:1:102891)
    at oR (https://frontend-assets.supabase.com/studio/6c4c385ac412/_next/static/chunks/9954129c7dd6dc22.js?dpl=dpl_ESdr3qRQzrHxoShoPeqcbJZxbkfP:1:102761)
    at ox (https://frontend-assets.supabase.com/studio/6c4c385ac412/_next/static/chunks/9954129c7dd6dc22.js?dpl=dpl_ESdr3qRQzrHxoShoPeqcbJZxbkfP:1:99532)
    at oS (https://frontend-assets.supabase.com/studio/6c4c385ac412/_next/static/chunks/9954129c7dd6dc22.js?dpl=dpl_ESdr3qRQzrHxoShoPeqcbJZxbkfP:1:98087)
    at E (https://frontend-assets.supabase.com/studio/6c4c385ac412/_next/static/chunks/9954129c7dd6dc22.js?dpl=dpl_ESdr3qRQzrHxoShoPeqcbJZxbkfP:1:1491)
    at L (https://frontend-assets.supabase.com/studio/6c4c385ac412/_next/static/chunks/9954129c7dd6dc22.js?dpl=dpl_ESdr3qRQzrHxoShoPeqcbJZxbkfP:1:2012)
[   35772ms] [ERROR] Failed to load resource: the server responded with a status of 400 () @ https://auth.supabase.io/auth/v1/token?grant_type=password:0
[   41658ms] [ERROR] Failed to load resource: the server responded with a status of 400 () @ https://auth.supabase.io/auth/v1/token?grant_type=password:0
[   63761ms] [ERROR] Failed to load resource: the server responded with a status of 400 () @ https://auth.supabase.io/auth/v1/token?grant_type=password:0
[   66866ms] [ERROR] Failed to load resource: the server responded with a status of 400 () @ https://auth.supabase.io/auth/v1/token?grant_type=password:0
[   71610ms] [ERROR] Failed to load resource: the server responded with a status of 400 () @ https://auth.supabase.io/auth/v1/token?grant_type=password:0
