[     195ms] Uncaught Error: Minified React error #425; visit https://reactjs.org/docs/error-decoder.html?invariant=425 for the full message or use the non-minified dev environment for full errors and additional helpful warnings.
    at rh (https://frontend-assets.supabase.com/studio/6c4c385ac412/_next/static/chunks/9954129c7dd6dc22.js?dpl=dpl_ESdr3qRQzrHxoShoPeqcbJZxbkfP:1:44119)
    at <anonymous> (https://frontend-assets.supabase.com/studio/6c4c385ac412/_next/static/chunks/9954129c7dd6dc22.js?dpl=dpl_ESdr3qRQzrHxoShoPeqcbJZxbkfP:1:104492)
    at oO (https://frontend-assets.supabase.com/studio/6c4c385ac412/_next/static/chunks/9954129c7dd6dc22.js?dpl=dpl_ESdr3qRQzrHxoShoPeqcbJZxbkfP:1:110000)
    at oD (https://frontend-assets.supabase.com/studio/6c4c385ac412/_next/static/chunks/9954129c7dd6dc22.js?dpl=dpl_ESdr3qRQzrHxoShoPeqcbJZxbkfP:1:102951)
    at oR (https://frontend-assets.supabase.com/studio/6c4c385ac412/_next/static/chunks/9954129c7dd6dc22.js?dpl=dpl_ESdr3qRQzrHxoShoPeqcbJZxbkfP:1:102761)
    at oS (https://frontend-assets.supabase.com/studio/6c4c385ac412/_next/static/chunks/9954129c7dd6dc22.js?dpl=dpl_ESdr3qRQzrHxoShoPeqcbJZxbkfP:1:97834)
    at E (https://frontend-assets.supabase.com/studio/6c4c385ac412/_next/static/chunks/9954129c7dd6dc22.js?dpl=dpl_ESdr3qRQzrHxoShoPeqcbJZxbkfP:1:1491)
    at L (https://frontend-assets.supabase.com/studio/6c4c385ac412/_next/static/chunks/9954129c7dd6dc22.js?dpl=dpl_ESdr3qRQzrHxoShoPeqcbJZxbkfP:1:2012)
[     195ms] Uncaught Error: Minified React error #418; visit https://reactjs.org/docs/error-decoder.html?invariant=418 for the full message or use the non-minified dev environment for full errors and additional helpful warnings.
    at lg (https://frontend-assets.supabase.com/studio/6c4c385ac412/_next/static/chunks/9954129c7dd6dc22.js?dpl=dpl_ESdr3qRQzrHxoShoPeqcbJZxbkfP:1:50409)
    at i (https://frontend-assets.supabase.com/studio/6c4c385ac412/_next/static/chunks/9954129c7dd6dc22.js?dpl=dpl_ESdr3qRQzrHxoShoPeqcbJZxbkfP:1:124903)
    at oD (https://frontend-assets.supabase.com/studio/6c4c385ac412/_next/static/chunks/9954129c7dd6dc22.js?dpl=dpl_ESdr3qRQzrHxoShoPeqcbJZxbkfP:1:102891)
    at oR (https://frontend-assets.supabase.com/studio/6c4c385ac412/_next/static/chunks/9954129c7dd6dc22.js?dpl=dpl_ESdr3qRQzrHxoShoPeqcbJZxbkfP:1:102761)
    at oS (https://frontend-assets.supabase.com/studio/6c4c385ac412/_next/static/chunks/9954129c7dd6dc22.js?dpl=dpl_ESdr3qRQzrHxoShoPeqcbJZxbkfP:1:97834)
    at E (https://frontend-assets.supabase.com/studio/6c4c385ac412/_next/static/chunks/9954129c7dd6dc22.js?dpl=dpl_ESdr3qRQzrHxoShoPeqcbJZxbkfP:1:1491)
    at L (https://frontend-assets.supabase.com/studio/6c4c385ac412/_next/static/chunks/9954129c7dd6dc22.js?dpl=dpl_ESdr3qRQzrHxoShoPeqcbJZxbkfP:1:2012)
[     195ms] Uncaught Error: Minified React error #418; visit https://reactjs.org/docs/error-decoder.html?invariant=418 for the full message or use the non-minified dev environment for full errors and additional helpful warnings.
    at lg (https://frontend-assets.supabase.com/studio/6c4c385ac412/_next/static/chunks/9954129c7dd6dc22.js?dpl=dpl_ESdr3qRQzrHxoShoPeqcbJZxbkfP:1:50409)
    at i (https://frontend-assets.supabase.com/studio/6c4c385ac412/_next/static/chunks/9954129c7dd6dc22.js?dpl=dpl_ESdr3qRQzrHxoShoPeqcbJZxbkfP:1:124903)
    at oD (https://frontend-assets.supabase.com/studio/6c4c385ac412/_next/static/chunks/9954129c7dd6dc22.js?dpl=dpl_ESdr3qRQzrHxoShoPeqcbJZxbkfP:1:102891)
    at oR (https://frontend-assets.supabase.com/studio/6c4c385ac412/_next/static/chunks/9954129c7dd6dc22.js?dpl=dpl_ESdr3qRQzrHxoShoPeqcbJZxbkfP:1:102761)
    at oS (https://frontend-assets.supabase.com/studio/6c4c385ac412/_next/static/chunks/9954129c7dd6dc22.js?dpl=dpl_ESdr3qRQzrHxoShoPeqcbJZxbkfP:1:97834)
    at E (https://frontend-assets.supabase.com/studio/6c4c385ac412/_next/static/chunks/9954129c7dd6dc22.js?dpl=dpl_ESdr3qRQzrHxoShoPeqcbJZxbkfP:1:1491)
    at L (https://frontend-assets.supabase.com/studio/6c4c385ac412/_next/static/chunks/9954129c7dd6dc22.js?dpl=dpl_ESdr3qRQzrHxoShoPeqcbJZxbkfP:1:2012)
[     195ms] Uncaught Error: Minified React error #418; visit https://reactjs.org/docs/error-decoder.html?invariant=418 for the full message or use the non-minified dev environment for full errors and additional helpful warnings.
    at lg (https://frontend-assets.supabase.com/studio/6c4c385ac412/_next/static/chunks/9954129c7dd6dc22.js?dpl=dpl_ESdr3qRQzrHxoShoPeqcbJZxbkfP:1:50409)
    at i (https://frontend-assets.supabase.com/studio/6c4c385ac412/_next/static/chunks/9954129c7dd6dc22.js?dpl=dpl_ESdr3qRQzrHxoShoPeqcbJZxbkfP:1:124903)
    at oD (https://frontend-assets.supabase.com/studio/6c4c385ac412/_next/static/chunks/9954129c7dd6dc22.js?dpl=dpl_ESdr3qRQzrHxoShoPeqcbJZxbkfP:1:102891)
    at oR (https://frontend-assets.supabase.com/studio/6c4c385ac412/_next/static/chunks/9954129c7dd6dc22.js?dpl=dpl_ESdr3qRQzrHxoShoPeqcbJZxbkfP:1:102761)
    at oS (https://frontend-assets.supabase.com/studio/6c4c385ac412/_next/static/chunks/9954129c7dd6dc22.js?dpl=dpl_ESdr3qRQzrHxoShoPeqcbJZxbkfP:1:97834)
    at E (https://frontend-assets.supabase.com/studio/6c4c385ac412/_next/static/chunks/9954129c7dd6dc22.js?dpl=dpl_ESdr3qRQzrHxoShoPeqcbJZxbkfP:1:1491)
    at L (https://frontend-assets.supabase.com/studio/6c4c385ac412/_next/static/chunks/9954129c7dd6dc22.js?dpl=dpl_ESdr3qRQzrHxoShoPeqcbJZxbkfP:1:2012)
[     196ms] Uncaught Error: Minified React error #418; visit https://reactjs.org/docs/error-decoder.html?invariant=418 for the full message or use the non-minified dev environment for full errors and additional helpful warnings.
    at lg (https://frontend-assets.supabase.com/studio/6c4c385ac412/_next/static/chunks/9954129c7dd6dc22.js?dpl=dpl_ESdr3qRQzrHxoShoPeqcbJZxbkfP:1:50409)
    at i (https://frontend-assets.supabase.com/studio/6c4c385ac412/_next/static/chunks/9954129c7dd6dc22.js?dpl=dpl_ESdr3qRQzrHxoShoPeqcbJZxbkfP:1:124903)
    at oD (https://frontend-assets.supabase.com/studio/6c4c385ac412/_next/static/chunks/9954129c7dd6dc22.js?dpl=dpl_ESdr3qRQzrHxoShoPeqcbJZxbkfP:1:102891)
    at oR (https://frontend-assets.supabase.com/studio/6c4c385ac412/_next/static/chunks/9954129c7dd6dc22.js?dpl=dpl_ESdr3qRQzrHxoShoPeqcbJZxbkfP:1:102761)
    at oS (https://frontend-assets.supabase.com/studio/6c4c385ac412/_next/static/chunks/9954129c7dd6dc22.js?dpl=dpl_ESdr3qRQzrHxoShoPeqcbJZxbkfP:1:97834)
    at E (https://frontend-assets.supabase.com/studio/6c4c385ac412/_next/static/chunks/9954129c7dd6dc22.js?dpl=dpl_ESdr3qRQzrHxoShoPeqcbJZxbkfP:1:1491)
    at L (https://frontend-assets.supabase.com/studio/6c4c385ac412/_next/static/chunks/9954129c7dd6dc22.js?dpl=dpl_ESdr3qRQzrHxoShoPeqcbJZxbkfP:1:2012)
[     196ms] Uncaught Error: Minified React error #418; visit https://reactjs.org/docs/error-decoder.html?invariant=418 for the full message or use the non-minified dev environment for full errors and additional helpful warnings.
    at lg (https://frontend-assets.supabase.com/studio/6c4c385ac412/_next/static/chunks/9954129c7dd6dc22.js?dpl=dpl_ESdr3qRQzrHxoShoPeqcbJZxbkfP:1:50409)
    at i (https://frontend-assets.supabase.com/studio/6c4c385ac412/_next/static/chunks/9954129c7dd6dc22.js?dpl=dpl_ESdr3qRQzrHxoShoPeqcbJZxbkfP:1:124903)
    at oD (https://frontend-assets.supabase.com/studio/6c4c385ac412/_next/static/chunks/9954129c7dd6dc22.js?dpl=dpl_ESdr3qRQzrHxoShoPeqcbJZxbkfP:1:102891)
    at oR (https://frontend-assets.supabase.com/studio/6c4c385ac412/_next/static/chunks/9954129c7dd6dc22.js?dpl=dpl_ESdr3qRQzrHxoShoPeqcbJZxbkfP:1:102761)
    at oS (https://frontend-assets.supabase.com/studio/6c4c385ac412/_next/static/chunks/9954129c7dd6dc22.js?dpl=dpl_ESdr3qRQzrHxoShoPeqcbJZxbkfP:1:97834)
    at E (https://frontend-assets.supabase.com/studio/6c4c385ac412/_next/static/chunks/9954129c7dd6dc22.js?dpl=dpl_ESdr3qRQzrHxoShoPeqcbJZxbkfP:1:1491)
    at L (https://frontend-assets.supabase.com/studio/6c4c385ac412/_next/static/chunks/9954129c7dd6dc22.js?dpl=dpl_ESdr3qRQzrHxoShoPeqcbJZxbkfP:1:2012)
[     196ms] Uncaught Error: Minified React error #418; visit https://reactjs.org/docs/error-decoder.html?invariant=418 for the full message or use the non-minified dev environment for full errors and additional helpful warnings.
    at lg (https://frontend-assets.supabase.com/studio/6c4c385ac412/_next/static/chunks/9954129c7dd6dc22.js?dpl=dpl_ESdr3qRQzrHxoShoPeqcbJZxbkfP:1:50409)
    at i (https://frontend-assets.supabase.com/studio/6c4c385ac412/_next/static/chunks/9954129c7dd6dc22.js?dpl=dpl_ESdr3qRQzrHxoShoPeqcbJZxbkfP:1:124903)
    at oD (https://frontend-assets.supabase.com/studio/6c4c385ac412/_next/static/chunks/9954129c7dd6dc22.js?dpl=dpl_ESdr3qRQzrHxoShoPeqcbJZxbkfP:1:102891)
    at oR (https://frontend-assets.supabase.com/studio/6c4c385ac412/_next/static/chunks/9954129c7dd6dc22.js?dpl=dpl_ESdr3qRQzrHxoShoPeqcbJZxbkfP:1:102761)
    at oS (https://frontend-assets.supabase.com/studio/6c4c385ac412/_next/static/chunks/9954129c7dd6dc22.js?dpl=dpl_ESdr3qRQzrHxoShoPeqcbJZxbkfP:1:97834)
    at E (https://frontend-assets.supabase.com/studio/6c4c385ac412/_next/static/chunks/9954129c7dd6dc22.js?dpl=dpl_ESdr3qRQzrHxoShoPeqcbJZxbkfP:1:1491)
    at L (https://frontend-assets.supabase.com/studio/6c4c385ac412/_next/static/chunks/9954129c7dd6dc22.js?dpl=dpl_ESdr3qRQzrHxoShoPeqcbJZxbkfP:1:2012)
[     196ms] Uncaught Error: Minified React error #418; visit https://reactjs.org/docs/error-decoder.html?invariant=418 for the full message or use the non-minified dev environment for full errors and additional helpful warnings.
    at lg (https://frontend-assets.supabase.com/studio/6c4c385ac412/_next/static/chunks/9954129c7dd6dc22.js?dpl=dpl_ESdr3qRQzrHxoShoPeqcbJZxbkfP:1:50409)
    at i (https://frontend-assets.supabase.com/studio/6c4c385ac412/_next/static/chunks/9954129c7dd6dc22.js?dpl=dpl_ESdr3qRQzrHxoShoPeqcbJZxbkfP:1:124903)
    at oD (https://frontend-assets.supabase.com/studio/6c4c385ac412/_next/static/chunks/9954129c7dd6dc22.js?dpl=dpl_ESdr3qRQzrHxoShoPeqcbJZxbkfP:1:102891)
    at oR (https://frontend-assets.supabase.com/studio/6c4c385ac412/_next/static/chunks/9954129c7dd6dc22.js?dpl=dpl_ESdr3qRQzrHxoShoPeqcbJZxbkfP:1:102761)
    at oS (https://frontend-assets.supabase.com/studio/6c4c385ac412/_next/static/chunks/9954129c7dd6dc22.js?dpl=dpl_ESdr3qRQzrHxoShoPeqcbJZxbkfP:1:97834)
    at E (https://frontend-assets.supabase.com/studio/6c4c385ac412/_next/static/chunks/9954129c7dd6dc22.js?dpl=dpl_ESdr3qRQzrHxoShoPeqcbJZxbkfP:1:1491)
    at L (https://frontend-assets.supabase.com/studio/6c4c385ac412/_next/static/chunks/9954129c7dd6dc22.js?dpl=dpl_ESdr3qRQzrHxoShoPeqcbJZxbkfP:1:2012)
[     196ms] Uncaught Error: Minified React error #418; visit https://reactjs.org/docs/error-decoder.html?invariant=418 for the full message or use the non-minified dev environment for full errors and additional helpful warnings.
    at lg (https://frontend-assets.supabase.com/studio/6c4c385ac412/_next/static/chunks/9954129c7dd6dc22.js?dpl=dpl_ESdr3qRQzrHxoShoPeqcbJZxbkfP:1:50409)
    at i (https://frontend-assets.supabase.com/studio/6c4c385ac412/_next/static/chunks/9954129c7dd6dc22.js?dpl=dpl_ESdr3qRQzrHxoShoPeqcbJZxbkfP:1:124903)
    at oD (https://frontend-assets.supabase.com/studio/6c4c385ac412/_next/static/chunks/9954129c7dd6dc22.js?dpl=dpl_ESdr3qRQzrHxoShoPeqcbJZxbkfP:1:102891)
    at oR (https://frontend-assets.supabase.com/studio/6c4c385ac412/_next/static/chunks/9954129c7dd6dc22.js?dpl=dpl_ESdr3qRQzrHxoShoPeqcbJZxbkfP:1:102761)
    at oS (https://frontend-assets.supabase.com/studio/6c4c385ac412/_next/static/chunks/9954129c7dd6dc22.js?dpl=dpl_ESdr3qRQzrHxoShoPeqcbJZxbkfP:1:97834)
    at E (https://frontend-assets.supabase.com/studio/6c4c385ac412/_next/static/chunks/9954129c7dd6dc22.js?dpl=dpl_ESdr3qRQzrHxoShoPeqcbJZxbkfP:1:1491)
    at L (https://frontend-assets.supabase.com/studio/6c4c385ac412/_next/static/chunks/9954129c7dd6dc22.js?dpl=dpl_ESdr3qRQzrHxoShoPeqcbJZxbkfP:1:2012)
[     196ms] Uncaught Error: Minified React error #423; visit https://reactjs.org/docs/error-decoder.html?invariant=423 for the full message or use the non-minified dev environment for full errors and additional helpful warnings.
    at i (https://frontend-assets.supabase.com/studio/6c4c385ac412/_next/static/chunks/9954129c7dd6dc22.js?dpl=dpl_ESdr3qRQzrHxoShoPeqcbJZxbkfP:1:124562)
    at oD (https://frontend-assets.supabase.com/studio/6c4c385ac412/_next/static/chunks/9954129c7dd6dc22.js?dpl=dpl_ESdr3qRQzrHxoShoPeqcbJZxbkfP:1:102891)
    at oR (https://frontend-assets.supabase.com/studio/6c4c385ac412/_next/static/chunks/9954129c7dd6dc22.js?dpl=dpl_ESdr3qRQzrHxoShoPeqcbJZxbkfP:1:102761)
    at ox (https://frontend-assets.supabase.com/studio/6c4c385ac412/_next/static/chunks/9954129c7dd6dc22.js?dpl=dpl_ESdr3qRQzrHxoShoPeqcbJZxbkfP:1:99532)
    at oS (https://frontend-assets.supabase.com/studio/6c4c385ac412/_next/static/chunks/9954129c7dd6dc22.js?dpl=dpl_ESdr3qRQzrHxoShoPeqcbJZxbkfP:1:98087)
    at E (https://frontend-assets.supabase.com/studio/6c4c385ac412/_next/static/chunks/9954129c7dd6dc22.js?dpl=dpl_ESdr3qRQzrHxoShoPeqcbJZxbkfP:1:1491)
    at L (https://frontend-assets.supabase.com/studio/6c4c385ac412/_next/static/chunks/9954129c7dd6dc22.js?dpl=dpl_ESdr3qRQzrHxoShoPeqcbJZxbkfP:1:2012)
[   17960ms] [ERROR] Failed to load resource: the server responded with a status of 400 () @ https://auth.supabase.io/auth/v1/token?grant_type=password:0
